// Jest Snapshot v1, https://goo.gl/fbAQLP

exports[`TsConfigPlugin options options should match the last options snapshot (dev) 1`] = `
Object {
  "cache": true,
  "context": "/Users/jbiasi/Projects/Namics OpenSource/webpack-config-plugins/packages/ts-config-webpack-plugin",
  "devtool": "source-map",
  "entry": "/Users/jbiasi/Projects/Namics OpenSource/webpack-config-plugins/packages/ts-config-webpack-plugin/test/fixtures/entry.ts",
  "mode": "development",
  "module": Object {
    "defaultRules": Array [
      Object {
        "resolve": Object {},
        "type": "javascript/auto",
      },
      Object {
        "resolve": Object {
          "mainFields": Array [
            "main",
          ],
        },
        "test": /\\\\\\.mjs\\$/i,
        "type": "javascript/esm",
      },
      Object {
        "test": /\\\\\\.json\\$/i,
        "type": "json",
      },
      Object {
        "test": /\\\\\\.wasm\\$/i,
        "type": "webassembly/experimental",
      },
    ],
    "exprContextCritical": true,
    "exprContextRecursive": true,
    "exprContextRegExp": false,
    "exprContextRequest": ".",
    "rules": Array [
      Object {
        "test": /\\.\\(tsx\\?\\|d\\.ts\\)\\$/,
        "use": Array [
          Object {
            "loader": "/Users/jbiasi/Projects/Namics OpenSource/webpack-config-plugins/packages/ts-config-webpack-plugin/node_modules/cache-loader/dist/cjs.js",
            "options": Object {
              "cacheDirectory": "/Users/jbiasi/Projects/Namics OpenSource/webpack-config-plugins/packages/ts-config-webpack-plugin/node_modules/cache-loader/.cache-loader",
            },
          },
          Object {
            "loader": "/Users/jbiasi/Projects/Namics OpenSource/webpack-config-plugins/packages/ts-config-webpack-plugin/node_modules/thread-loader/dist/cjs.js",
            "options": Object {
              "workers": 7,
            },
          },
          Object {
            "loader": "/Users/jbiasi/Projects/Namics OpenSource/webpack-config-plugins/packages/ts-config-webpack-plugin/node_modules/ts-loader/index.js",
            "options": Object {
              "experimentalWatchApi": true,
              "happyPackMode": true,
              "transpileOnly": true,
            },
          },
        ],
      },
    ],
    "strictExportPresence": false,
    "strictThisContextOnImports": false,
    "unknownContextCritical": true,
    "unknownContextRecursive": true,
    "unknownContextRegExp": false,
    "unknownContextRequest": ".",
    "unsafeCache": true,
    "wrappedContextCritical": false,
    "wrappedContextRecursive": true,
    "wrappedContextRegExp": /\\.\\*/,
  },
  "node": Object {
    "Buffer": true,
    "__dirname": "mock",
    "__filename": "mock",
    "console": false,
    "global": false,
    "process": true,
    "setImmediate": true,
  },
  "optimization": Object {
    "checkWasmTypes": false,
    "concatenateModules": false,
    "flagIncludedChunks": false,
    "mangleWasmImports": false,
    "mergeDuplicateChunks": true,
    "minimize": false,
    "minimizer": Array [
      Object {
        "apply": [Function],
      },
    ],
    "namedChunks": true,
    "namedModules": true,
    "noEmitOnErrors": false,
    "nodeEnv": "development",
    "occurrenceOrder": false,
    "portableRecords": false,
    "providedExports": true,
    "removeAvailableModules": false,
    "removeEmptyChunks": false,
    "runtimeChunk": undefined,
    "sideEffects": false,
    "splitChunks": false,
    "usedExports": false,
  },
  "output": Object {
    "chunkCallbackName": "webpackChunk",
    "chunkFilename": "[id].bundle.js",
    "chunkLoadTimeout": 120000,
    "crossOriginLoading": false,
    "devtoolLineToLine": false,
    "devtoolNamespace": "",
    "filename": "bundle.js",
    "globalObject": "global",
    "hashDigest": "hex",
    "hashDigestLength": 20,
    "hashFunction": "md4",
    "hotUpdateChunkFilename": "[id].[hash].hot-update.js",
    "hotUpdateFunction": "webpackHotUpdate",
    "hotUpdateMainFilename": "[hash].hot-update.json",
    "jsonpFunction": "webpackJsonp",
    "jsonpScriptType": false,
    "library": "",
    "libraryTarget": "umd",
    "path": "/Users/jbiasi/Projects/Namics OpenSource/webpack-config-plugins/packages/ts-config-webpack-plugin/test/fixtures/dist",
    "pathinfo": true,
    "sourceMapFilename": "[file].map[query]",
    "strictModuleExceptionHandling": false,
    "webassemblyModuleFilename": "[modulehash].module.wasm",
  },
  "performance": false,
  "plugins": Array [
    TsConfigPlugin {
      "options": Object {},
    },
  ],
  "resolve": Object {
    "aliasFields": Array [],
    "cacheWithContext": false,
    "extensions": Array [
      ".wasm",
      ".mjs",
      ".js",
      ".json",
      ".ts",
      ".tsx",
      ".d.ts",
    ],
    "mainFields": Array [
      "module",
      "main",
    ],
    "mainFiles": Array [
      "index",
    ],
    "modules": Array [
      "node_modules",
    ],
    "unsafeCache": true,
  },
  "resolveLoader": Object {
    "cacheWithContext": false,
    "extensions": Array [
      ".js",
      ".json",
    ],
    "mainFields": Array [
      "loader",
      "main",
    ],
    "mainFiles": Array [
      "index",
    ],
    "unsafeCache": true,
  },
  "target": "node",
}
`;
