// Jest Snapshot v1, https://goo.gl/fbAQLP

exports[`ScssConfigWebpackPlugin inside webpack context should generate separate CSS files with the correct contents 1`] = `".test{height:5px}"`;
